ERROR I CAME ACCROSS DURING THIS PROJECT 



# this command is req for mac os specific for the ssl verfification 
WHILE RUNNNIG THE 
import ssl
import urllib.request

url = "https://www.google.com"
response = urllib.request.urlopen(url)
print(response.status)  # should print 200



3